
> franchise-pos-system@0.1.0 build
> prisma generate && next build

Environment variables loaded from .env
Prisma schema loaded from prisma\schema.prisma
node.exe : Error: 
At line:1 char:1
+ & "C:\Program Files\nodejs/node.exe" 
"C:\Program Files\nodejs/node_mo ...
+ ~~~~~~~~~~~~~~~~~~~~~~~~~~~~~~~~~~~~~~~~
~~~~~~~~~~~~~~~~~~~~~~~~~~~~~
    + CategoryInfo          : NotSpecifie 
   d: (Error: :String) [], RemoteExcepti  
  on
    + FullyQualifiedErrorId : NativeComma 
   ndError
 
EPERM: operation not permitted, rename 'C:
\Users\PATH\.gemini\antigravity\scratch\fr
anchise-pos-system\node_modules\.prisma\cl
ient\query_engine-windows.dll.node.tmp1921
6' -> 'C:\Users\PATH\.gemini\antigravity\s
cratch\franchise-pos-system\node_modules\.
prisma\client\query_engine-windows.dll.nod
e'


