.next/types/app/api/lottery/packs/[packId]/sell/route.ts(166,7): error TS2344: Type '{ __tag__: "POST"; __param_position__: "second"; __param_type__: { params: { packId: string; }; }; }' does not satisfy the constraint 'ParamCheck<RouteContext>'.
  The types of '__param_type__.params' are incompatible between these types.
    Type '{ packId: string; }' is missing the following properties from type 'Promise<any>': then, catch, finally, [Symbol.toStringTag]
.next/types/app/api/lottery/packs/[packId]/settle/route.ts(166,7): error TS2344: Type '{ __tag__: "POST"; __param_position__: "second"; __param_type__: { params: { packId: string; }; }; }' does not satisfy the constraint 'ParamCheck<RouteContext>'.
  The types of '__param_type__.params' are incompatible between these types.
    Type '{ packId: string; }' is missing the following properties from type 'Promise<any>': then, catch, finally, [Symbol.toStringTag]
.next/types/app/api/provider/stations/[stationId]/admin/route.ts(166,7): error TS2344: Type '{ __tag__: "POST"; __param_position__: "second"; __param_type__: { params: { stationId: string; }; }; }' does not satisfy the constraint 'ParamCheck<RouteContext>'.
  The types of '__param_type__.params' are incompatible between these types.
    Type '{ stationId: string; }' is missing the following properties from type 'Promise<any>': then, catch, finally, [Symbol.toStringTag]
.next/types/app/api/reminders/settings/route.ts(12,13): error TS2344: Type 'OmitWithTag<typeof import("C:/Users/PATH/.gemini/antigravity/scratch/franchise-pos-system/src/app/api/reminders/settings/route"), "config" | "generateStaticParams" | "revalidate" | ... 12 more ... | "PATCH", "">' does not satisfy the constraint '{ [x: string]: never; }'.
  Property 'getTwilioCredentials' is incompatible with index signature.
    Type '(franchiseId: string) => Promise<{ accountSid: string | null; authToken: string | null; phoneNumber: string | null; } | null>' is not assignable to type 'never'.
.next/types/validator.ts(4896,31): error TS2344: Type 'typeof import("C:/Users/PATH/.gemini/antigravity/scratch/franchise-pos-system/src/app/api/lottery/packs/[packId]/sell/route")' does not satisfy the constraint 'RouteHandlerConfig<"/api/lottery/packs/[packId]/sell">'.
  Types of property 'POST' are incompatible.
    Type '(request: NextRequest, { params }: { params: { packId: string; }; }) => Promise<NextResponse<{ error: string; }> | NextResponse<{ success: boolean; soldCount: number; remaining: number; }>>' is not assignable to type '(request: NextRequest, context: { params: Promise<{ packId: string; }>; }) => void | Response | Promise<void | Response>'.
      Types of parameters '__1' and 'context' are incompatible.
        Type '{ params: Promise<{ packId: string; }>; }' is not assignable to type '{ params: { packId: string; }; }'.
          Types of property 'params' are incompatible.
            Property 'packId' is missing in type 'Promise<{ packId: string; }>' but required in type '{ packId: string; }'.
.next/types/validator.ts(4905,31): error TS2344: Type 'typeof import("C:/Users/PATH/.gemini/antigravity/scratch/franchise-pos-system/src/app/api/lottery/packs/[packId]/settle/route")' does not satisfy the constraint 'RouteHandlerConfig<"/api/lottery/packs/[packId]/settle">'.
  Types of property 'POST' are incompatible.
    Type '(request: NextRequest, { params }: { params: { packId: string; }; }) => Promise<NextResponse<{ error: string; }> | NextResponse<{ success: boolean; packId: string; packNumber: string; ... 6 more ...; settledAt: Date | null; }>>' is not assignable to type '(request: NextRequest, context: { params: Promise<{ packId: string; }>; }) => void | Response | Promise<void | Response>'.
      Types of parameters '__1' and 'context' are incompatible.
        Type '{ params: Promise<{ packId: string; }>; }' is not assignable to type '{ params: { packId: string; }; }'.
          Types of property 'params' are incompatible.
            Property 'packId' is missing in type 'Promise<{ packId: string; }>' but required in type '{ packId: string; }'.
.next/types/validator.ts(6156,31): error TS2344: Type 'typeof import("C:/Users/PATH/.gemini/antigravity/scratch/franchise-pos-system/src/app/api/provider/stations/[stationId]/admin/route")' does not satisfy the constraint 'RouteHandlerConfig<"/api/provider/stations/[stationId]/admin">'.
  Types of property 'POST' are incompatible.
    Type '(request: NextRequest, { params }: { params: { stationId: string; }; }) => Promise<NextResponse<{ error: string; }> | NextResponse<{ success: boolean; message: string; }>>' is not assignable to type '(request: NextRequest, context: { params: Promise<{ stationId: string; }>; }) => void | Response | Promise<void | Response>'.
      Types of parameters '__1' and 'context' are incompatible.
        Type '{ params: Promise<{ stationId: string; }>; }' is not assignable to type '{ params: { stationId: string; }; }'.
          Types of property 'params' are incompatible.
            Property 'stationId' is missing in type 'Promise<{ stationId: string; }>' but required in type '{ stationId: string; }'.
src/app/api/admin/franchises/[id]/delete/route.ts(37,21): error TS2322: Type '"PENDING_DELETION"' is not assignable to type 'AccountStatus | EnumAccountStatusFieldUpdateOperationsInput | undefined'.
src/app/api/admin/franchises/[id]/delete/route.ts(107,13): error TS2367: This comparison appears to be unintentional because the types 'AccountStatus' and '"PENDING_DELETION"' have no overlap.
src/app/api/admin/franchises/[id]/delete/route.ts(138,21): error TS2322: Type '"DELETED"' is not assignable to type 'AccountStatus | EnumAccountStatusFieldUpdateOperationsInput | undefined'.
src/app/api/admin/franchises/[id]/payment/route.ts(34,21): error TS2322: Type '"PAYMENT_DUE"' is not assignable to type 'AccountStatus | EnumAccountStatusFieldUpdateOperationsInput | undefined'.
src/app/api/admin/franchisors/suspend/route.ts(67,17): error TS2322: Type 'string' is not assignable to type 'AccountStatus | EnumAccountStatusFieldUpdateOperationsInput | undefined'.
src/app/api/admin/franchisors/suspend/route.ts(115,52): error TS2322: Type '"TERMINATED"' is not assignable to type 'AccountStatus'.
src/app/api/admin/locations/[id]/taxes/route.ts(80,17): error TS2353: Object literal may only specify known properties, and 'rate' does not exist in type '(Without<TaxJurisdictionCreateInput, TaxJurisdictionUncheckedCreateInput> & TaxJurisdictionUncheckedCreateInput) | (Without<...> & TaxJurisdictionCreateInput)'.
src/app/api/admin/locations/create/route.ts(47,21): error TS2322: Type 'string | null' is not assignable to type 'string'.
  Type 'null' is not assignable to type 'string'.
src/app/api/admin/locations/create/route.ts(48,30): error TS18047: 'franchisor.name' is possibly 'null'.
src/app/api/admin/owners/[ownerId]/[llcId]/[storeId]/route.ts(86,40): error TS2339: Property 'employee' does not exist on type 'PrismaClient<PrismaClientOptions, never, DefaultArgs>'.
src/app/api/admin/owners/[ownerId]/[llcId]/route.ts(75,41): error TS2353: Object literal may only specify known properties, and 'employees' does not exist in type 'LocationCountOutputTypeSelect<DefaultArgs>'.
src/app/api/admin/owners/[ownerId]/[llcId]/route.ts(85,25): error TS2353: Object literal may only specify known properties, and 'employees' does not exist in type 'FranchisorCountOutputTypeSelect<DefaultArgs>'.
src/app/api/admin/owners/[ownerId]/[llcId]/route.ts(106,28): error TS2339: Property 'franchises' does not exist on type '{ id: string; ownerId: string; providerId: string | null; name: string | null; approvalStatus: string; accountStatus: AccountStatus; suspendedAt: Date | null; suspendedReason: string | null; ... 32 more ...; dealerBrandingId: string | null; }'.
src/app/api/admin/owners/[ownerId]/[llcId]/route.ts(106,48): error TS7006: Parameter 'f' implicitly has an 'any' type.
src/app/api/admin/owners/[ownerId]/[llcId]/route.ts(107,29): error TS7006: Parameter 'loc' implicitly has an 'any' type.
src/app/api/admin/owners/[ownerId]/[llcId]/route.ts(119,54): error TS7006: Parameter 's' implicitly has an 'any' type.
src/app/api/admin/owners/[ownerId]/[llcId]/route.ts(133,35): error TS2339: Property 'businessName' does not exist on type '{ id: string; ownerId: string; providerId: string | null; name: string | null; approvalStatus: string; accountStatus: AccountStatus; suspendedAt: Date | null; suspendedReason: string | null; ... 32 more ...; dealerBrandingId: string | null; }'.
src/app/api/admin/owners/[ownerId]/[llcId]/route.ts(137,39): error TS2339: Property 'config' does not exist on type '{ id: string; ownerId: string; providerId: string | null; name: string | null; approvalStatus: string; accountStatus: AccountStatus; suspendedAt: Date | null; suspendedReason: string | null; ... 32 more ...; dealerBrandingId: string | null; }'.
src/app/api/admin/owners/[ownerId]/[llcId]/route.ts(138,37): error TS2339: Property '_count' does not exist on type '{ id: string; ownerId: string; providerId: string | null; name: string | null; approvalStatus: string; accountStatus: AccountStatus; suspendedAt: Date | null; suspendedReason: string | null; ... 32 more ...; dealerBrandingId: string | null; }'.
src/app/api/admin/owners/[ownerId]/[llcId]/route.ts(142,41): error TS7006: Parameter 's' implicitly has an 'any' type.
src/app/api/admin/owners/[ownerId]/route.ts(103,52): error TS2339: Property 'businessName' does not exist on type '{ franchises: ({ locations: { id: string; _count: { users: number; }; }[]; _count: { locations: number; }; } & { id: string; name: string; approvalStatus: string; accountStatus: AccountStatus; ... 18 more ...; dataExportedAt: Date | null; })[]; config: { ...; } | null; } & { ...; }'.
src/app/api/auth/restore-device/route.ts(103,43): error TS2551: Property 'location' does not exist on type '{ assignedEmployees: { id: string; providerId: string | null; name: string | null; phone: string | null; createdAt: Date; updatedAt: Date; email: string; password: string | null; ... 40 more ...; currentLocationId: string | null; }[]; } & { ...; }'. Did you mean 'locationId'?
src/app/api/auth/restore-device/route.ts(104,45): error TS2551: Property 'location' does not exist on type '{ assignedEmployees: { id: string; providerId: string | null; name: string | null; phone: string | null; createdAt: Date; updatedAt: Date; email: string; password: string | null; ... 40 more ...; currentLocationId: string | null; }[]; } & { ...; }'. Did you mean 'locationId'?
src/app/api/auth/restore-device/route.ts(105,53): error TS2551: Property 'location' does not exist on type '{ assignedEmployees: { id: string; providerId: string | null; name: string | null; phone: string | null; createdAt: Date; updatedAt: Date; email: string; password: string | null; ... 40 more ...; currentLocationId: string | null; }[]; } & { ...; }'. Did you mean 'locationId'?
src/app/api/auth/restore-device/route.ts(106,45): error TS2551: Property 'location' does not exist on type '{ assignedEmployees: { id: string; providerId: string | null; name: string | null; phone: string | null; createdAt: Date; updatedAt: Date; email: string; password: string | null; ... 40 more ...; currentLocationId: string | null; }[]; } & { ...; }'. Did you mean 'locationId'?
src/app/api/auth/restore-device/route.ts(110,45): error TS2551: Property 'location' does not exist on type '{ assignedEmployees: { id: string; providerId: string | null; name: string | null; phone: string | null; createdAt: Date; updatedAt: Date; email: string; password: string | null; ... 40 more ...; currentLocationId: string | null; }[]; } & { ...; }'. Did you mean 'locationId'?
src/app/api/brand/settings/route.ts(57,32): error TS2339: Property 'badRequest' does not exist on type 'typeof ApiResponse'.
src/app/api/brand/settings/route.ts(79,36): error TS2339: Property 'badRequest' does not exist on type 'typeof ApiResponse'.
src/app/api/brand/sub-franchisees/route.ts(34,25): error TS2353: Object literal may only specify known properties, and 'lastLogin' does not exist in type 'UserSelect<DefaultArgs>'.
src/app/api/campaigns/preview/route.ts(133,13): error TS2353: Object literal may only specify known properties, and 'lastVisit' does not exist in type 'ClientSelect<DefaultArgs>'.
src/app/api/campaigns/preview/route.ts(175,27): error TS2339: Property 'lastVisit' does not exist on type '{ id: string; phone: string | null; createdAt: Date; updatedAt: Date; email: string | null; franchiseId: string; firstName: string; lastName: string; liabilitySigned: boolean; ... 14 more ...; storeAccountApprovedAt: Date | null; }'.
src/app/api/campaigns/preview/route.ts(177,28): error TS2339: Property 'marketingConsent' does not exist on type '{ id: string; phone: string | null; createdAt: Date; updatedAt: Date; email: string | null; franchiseId: string; firstName: string; lastName: string; liabilitySigned: boolean; ... 14 more ...; storeAccountApprovedAt: Date | null; }'.
src/app/api/campaigns/preview/route.ts(178,34): error TS2339: Property 'consentTimestamp' does not exist on type '{ id: string; phone: string | null; createdAt: Date; updatedAt: Date; email: string | null; franchiseId: string; firstName: string; lastName: string; liabilitySigned: boolean; ... 14 more ...; storeAccountApprovedAt: Date | null; }'.
src/app/api/catalog/services/route.ts(66,17): error TS2353: Object literal may only specify known properties, and 'defaultPrice' does not exist in type '(Without<GlobalServiceCreateInput, GlobalServiceUncheckedCreateInput> & GlobalServiceUncheckedCreateInput) | (Without<...> & GlobalServiceCreateInput)'.
src/app/api/deals/suggestions/route.ts(167,13): error TS2353: Object literal may only specify known properties, and 'lastVisit' does not exist in type 'ClientWhereInput'.
src/app/api/franchise/catalog/[brandServiceId]/route.ts(36,32): error TS2339: Property 'badRequest' does not exist on type 'typeof ApiResponse'.
src/app/api/franchise/catalog/[brandServiceId]/route.ts(124,32): error TS2339: Property 'badRequest' does not exist on type 'typeof ApiResponse'.
src/app/api/franchise/catalog/route.ts(74,32): error TS2339: Property 'badRequest' does not exist on type 'typeof ApiResponse'.
src/app/api/franchise/reports/earnings-statement/route.ts(167,57): error TS2339: Property 'type' does not exist on type '{ id: string; createdAt: Date; updatedAt: Date; canSetOwnPrices: boolean; requiresTimeClock: boolean; locationId: string | null; userId: string; salaryPeriod: string | null; ... 15 more ...; chairRentAutoDeduct: boolean; }'.
src/app/api/franchise/reports/earnings-statement/route.ts(169,42): error TS2339: Property 'type' does not exist on type '{ id: string; createdAt: Date; updatedAt: Date; canSetOwnPrices: boolean; requiresTimeClock: boolean; locationId: string | null; userId: string; salaryPeriod: string | null; ... 15 more ...; chairRentAutoDeduct: boolean; }'.
src/app/api/franchise/reports/earnings-statement/route.ts(170,62): error TS2551: Property 'commissionRate' does not exist on type '{ id: string; createdAt: Date; updatedAt: Date; canSetOwnPrices: boolean; requiresTimeClock: boolean; locationId: string | null; userId: string; salaryPeriod: string | null; ... 15 more ...; chairRentAutoDeduct: boolean; }'. Did you mean 'commissionBase'?
src/app/api/franchise/reports/earnings-statement/route.ts(177,49): error TS2339: Property 'type' does not exist on type '{ id: string; createdAt: Date; updatedAt: Date; canSetOwnPrices: boolean; requiresTimeClock: boolean; locationId: string | null; userId: string; salaryPeriod: string | null; ... 15 more ...; chairRentAutoDeduct: boolean; }'.
src/app/api/franchise/reports/earnings-statement/route.ts(180,49): error TS2339: Property 'type' does not exist on type '{ id: string; createdAt: Date; updatedAt: Date; canSetOwnPrices: boolean; requiresTimeClock: boolean; locationId: string | null; userId: string; salaryPeriod: string | null; ... 15 more ...; chairRentAutoDeduct: boolean; }'.
src/app/api/franchise/reports/earnings-statement/route.ts(183,49): error TS2339: Property 'type' does not exist on type '{ id: string; createdAt: Date; updatedAt: Date; canSetOwnPrices: boolean; requiresTimeClock: boolean; locationId: string | null; userId: string; salaryPeriod: string | null; ... 15 more ...; chairRentAutoDeduct: boolean; }'.
src/app/api/franchise/reports/payout-history/route.ts(134,57): error TS2339: Property 'type' does not exist on type '{ id: string; createdAt: Date; updatedAt: Date; canSetOwnPrices: boolean; requiresTimeClock: boolean; locationId: string | null; userId: string; salaryPeriod: string | null; ... 15 more ...; chairRentAutoDeduct: boolean; }'.
src/app/api/franchise/reports/payout-history/route.ts(136,42): error TS2339: Property 'type' does not exist on type '{ id: string; createdAt: Date; updatedAt: Date; canSetOwnPrices: boolean; requiresTimeClock: boolean; locationId: string | null; userId: string; salaryPeriod: string | null; ... 15 more ...; chairRentAutoDeduct: boolean; }'.
src/app/api/franchise/reports/payout-history/route.ts(137,62): error TS2551: Property 'commissionRate' does not exist on type '{ id: string; createdAt: Date; updatedAt: Date; canSetOwnPrices: boolean; requiresTimeClock: boolean; locationId: string | null; userId: string; salaryPeriod: string | null; ... 15 more ...; chairRentAutoDeduct: boolean; }'. Did you mean 'commissionBase'?
src/app/api/franchise/reports/payout-history/route.ts(139,49): error TS2339: Property 'type' does not exist on type '{ id: string; createdAt: Date; updatedAt: Date; canSetOwnPrices: boolean; requiresTimeClock: boolean; locationId: string | null; userId: string; salaryPeriod: string | null; ... 15 more ...; chairRentAutoDeduct: boolean; }'.
src/app/api/franchisor/catalog/categories/route.ts(80,32): error TS2339: Property 'badRequest' does not exist on type 'typeof ApiResponse'.
src/app/api/franchisor/catalog/route.ts(19,17): error TS2561: Object literal may only specify known properties, but 'franchises' does not exist in type 'UserInclude<DefaultArgs>'. Did you mean to write 'franchise'?
src/app/api/franchisor/catalog/route.ts(30,35): error TS2551: Property 'franchises' does not exist on type '{ id: string; providerId: string | null; name: string | null; phone: string | null; createdAt: Date; updatedAt: Date; email: string; password: string | null; pin: string | null; ... 39 more ...; currentLocationId: string | null; }'. Did you mean 'franchiseId'?
src/app/api/franchisor/catalog/route.ts(31,36): error TS2551: Property 'franchises' does not exist on type '{ id: string; providerId: string | null; name: string | null; phone: string | null; createdAt: Date; updatedAt: Date; email: string; password: string | null; pin: string | null; ... 39 more ...; currentLocationId: string | null; }'. Did you mean 'franchiseId'?
src/app/api/franchisor/catalog/route.ts(41,17): error TS2353: Object literal may only specify known properties, and 'isActive' does not exist in type 'ServiceWhereInput'.
src/app/api/franchisor/catalog/route.ts(56,30): error TS2353: Object literal may only specify known properties, and 'isActive' does not exist in type 'ServiceWhereInput'.
src/app/api/franchisor/catalog/route.ts(64,63): error TS2339: Property 'serviceCategoryId' does not exist on type '{ id: string; name: string; franchiseId: string; description: string | null; price: Decimal; cashPrice: Decimal | null; cardPrice: Decimal | null; categoryId: string | null; taxTreatmentOverride: TaxTreatment | null; duration: number; globalServiceId: string | null; isAddOn: boolean; }'.
src/app/api/franchisor/catalog/route.ts(77,29): error TS2339: Property 'isActive' does not exist on type '{ id: string; name: string; franchiseId: string; description: string | null; price: Decimal; cashPrice: Decimal | null; cardPrice: Decimal | null; categoryId: string | null; taxTreatmentOverride: TaxTreatment | null; duration: number; globalServiceId: string | null; isAddOn: boolean; }'.
src/app/api/franchisor/catalog/route.ts(78,29): error TS2339: Property 'serviceCategory' does not exist on type '{ id: string; name: string; franchiseId: string; description: string | null; price: Decimal; cashPrice: Decimal | null; cardPrice: Decimal | null; categoryId: string | null; taxTreatmentOverride: TaxTreatment | null; duration: number; globalServiceId: string | null; isAddOn: boolean; }'.
src/app/api/franchisor/catalog/route.ts(101,17): error TS2561: Object literal may only specify known properties, but 'franchises' does not exist in type 'UserInclude<DefaultArgs>'. Did you mean to write 'franchise'?
src/app/api/franchisor/catalog/route.ts(108,35): error TS2551: Property 'franchises' does not exist on type '{ id: string; providerId: string | null; name: string | null; phone: string | null; createdAt: Date; updatedAt: Date; email: string; password: string | null; pin: string | null; ... 39 more ...; currentLocationId: string | null; }'. Did you mean 'franchiseId'?
src/app/api/franchisor/catalog/route.ts(125,32): error TS2339: Property 'badRequest' does not exist on type 'typeof ApiResponse'.
src/app/api/franchisor/catalog/route.ts(135,17): error TS2561: Object literal may only specify known properties, but 'serviceCategoryId' does not exist in type '(Without<ServiceCreateInput, ServiceUncheckedCreateInput> & ServiceUncheckedCreateInput) | (Without<...> & ServiceCreateInput)'. Did you mean to write 'serviceCategory'?
src/app/api/franchisor/catalog/services/[id]/route.ts(35,35): error TS18048: 'service.franchisor.roleAssignments.length' is possibly 'undefined'.
src/app/api/franchisor/catalog/services/[id]/route.ts(114,35): error TS18048: 'service.franchisor.roleAssignments.length' is possibly 'undefined'.
src/app/api/franchisor/locations/[id]/360/route.ts(45,39): error TS2339: Property 'franchiseLocation' does not exist on type 'PrismaClient<PrismaClientOptions, never, DefaultArgs>'.
src/app/api/franchisor/locations/[id]/360/route.ts(69,22): error TS2353: Object literal may only specify known properties, and 'storeId' does not exist in type 'StationWhereInput'.
src/app/api/franchisor/locations/[id]/360/route.ts(73,17): error TS2353: Object literal may only specify known properties, and 'status' does not exist in type 'StationSelect<DefaultArgs>'.
src/app/api/franchisor/locations/[id]/360/route.ts(87,21): error TS2353: Object literal may only specify known properties, and 'storeId' does not exist in type 'TransactionWhereInput'.
src/app/api/franchisor/locations/[id]/360/route.ts(91,38): error TS2353: Object literal may only specify known properties, and 'tipAmount' does not exist in type 'TransactionSumAggregateInputType'.
src/app/api/franchisor/locations/[id]/360/route.ts(108,21): error TS2353: Object literal may only specify known properties, and 'storeId' does not exist in type 'TransactionWhereInput'.
src/app/api/franchisor/locations/[id]/360/route.ts(112,27): error TS2353: Object literal may only specify known properties, and 'customerId' does not exist in type 'TransactionSelect<DefaultArgs>'.
src/app/api/franchisor/locations/[id]/360/route.ts(113,28): error TS2322: Type '"customerId"' is not assignable to type 'TransactionScalarFieldEnum'.
src/app/api/franchisor/locations/[id]/360/route.ts(128,17): error TS2353: Object literal may only specify known properties, and 'storeId' does not exist in type 'TransactionWhereInput'.
src/app/api/franchisor/locations/[id]/360/route.ts(152,20): error TS2339: Property 'lastSync' does not exist on type '{ id: string; name: string; createdAt: Date; updatedAt: Date; isActive: boolean; locationId: string; paymentMode: StationPaymentMode; dedicatedTerminalId: string | null; ... 8 more ...; currentUserId: string | null; }'.
src/app/api/franchisor/locations/[id]/360/route.ts(153,61): error TS2339: Property 'lastSync' does not exist on type '{ id: string; name: string; createdAt: Date; updatedAt: Date; isActive: boolean; locationId: string; paymentMode: StationPaymentMode; dedicatedTerminalId: string | null; ... 8 more ...; currentUserId: string | null; }'.
src/app/api/franchisor/locations/[id]/360/route.ts(170,52): error TS2339: Property 'status' does not exist on type '{ id: string; name: string; createdAt: Date; updatedAt: Date; isActive: boolean; locationId: string; paymentMode: StationPaymentMode; dedicatedTerminalId: string | null; ... 8 more ...; currentUserId: string | null; }'.
src/app/api/franchisor/locations/[id]/360/route.ts(172,32): error TS2339: Property 'lastSync' does not exist on type '{ id: string; name: string; createdAt: Date; updatedAt: Date; isActive: boolean; locationId: string; paymentMode: StationPaymentMode; dedicatedTerminalId: string | null; ... 8 more ...; currentUserId: string | null; }'.
src/app/api/franchisor/locations/[id]/360/route.ts(173,54): error TS2339: Property 'lastSync' does not exist on type '{ id: string; name: string; createdAt: Date; updatedAt: Date; isActive: boolean; locationId: string; paymentMode: StationPaymentMode; dedicatedTerminalId: string | null; ... 8 more ...; currentUserId: string | null; }'.
src/app/api/franchisor/locations/[id]/360/route.ts(173,87): error TS2339: Property 'lastSync' does not exist on type '{ id: string; name: string; createdAt: Date; updatedAt: Date; isActive: boolean; locationId: string; paymentMode: StationPaymentMode; dedicatedTerminalId: string | null; ... 8 more ...; currentUserId: string | null; }'.
src/app/api/franchisor/locations/[id]/360/route.ts(186,53): error TS2339: Property 'tipAmount' does not exist on type '{ subtotal?: Decimal | null | undefined; tax?: Decimal | null | undefined; tip?: Decimal | null | undefined; discount?: Decimal | null | undefined; ... 9 more ...; cardAmount?: Decimal | ... 1 more ... | undefined; }'.
src/app/api/franchisor/locations/[id]/360/route.ts(188,65): error TS2363: The right-hand side of an arithmetic operation must be of type 'any', 'number', 'bigint' or an enum type.
src/app/api/franchisor/locations/[id]/appointments/route.ts(48,47): error TS2353: Object literal may only specify known properties, and 'name' does not exist in type 'ClientSelect<DefaultArgs>'.
src/app/api/franchisor/locations/[id]/appointments/route.ts(86,27): error TS2551: Property 'client' does not exist on type '{ id: string; createdAt: Date; updatedAt: Date; locationId: string; status: string; resourceId: string | null; clientId: string; employeeId: string; serviceId: string; recurringId: string | null; ... 4 more ...; groupPosition: number | null; }'. Did you mean 'clientId'?
src/app/api/franchisor/locations/[id]/appointments/route.ts(87,29): error TS2551: Property 'employee' does not exist on type '{ id: string; createdAt: Date; updatedAt: Date; locationId: string; status: string; resourceId: string | null; clientId: string; employeeId: string; serviceId: string; recurringId: string | null; ... 4 more ...; groupPosition: number | null; }'. Did you mean 'employeeId'?
src/app/api/franchisor/locations/[id]/appointments/route.ts(88,26): error TS2339: Property 'price' does not exist on type '{ id: string; createdAt: Date; updatedAt: Date; locationId: string; status: string; resourceId: string | null; clientId: string; employeeId: string; serviceId: string; recurringId: string | null; ... 4 more ...; groupPosition: number | null; }'.
src/app/api/franchisor/locations/[id]/customers/route.ts(44,17): error TS2353: Object literal may only specify known properties, and 'storeId' does not exist in type 'TransactionWhereInput'.
src/app/api/franchisor/locations/[id]/customers/route.ts(49,17): error TS2353: Object literal may only specify known properties, and 'customerId' does not exist in type 'TransactionSelect<DefaultArgs>'.
src/app/api/franchisor/locations/[id]/customers/route.ts(55,75): error TS2339: Property 'customerId' does not exist on type '{ id: string; createdAt: Date; updatedAt: Date; franchiseId: string; discount: Decimal; type: TransactionType; status: string; source: string; clientId: string | null; ... 26 more ...; originalTransactionId: string | null; }'.
src/app/api/franchisor/locations/[id]/customers/route.ts(59,13): error TS2322: Type '"customerId"[]' is not assignable to type 'TransactionScalarFieldEnum | TransactionScalarFieldEnum[]'.
  Type '"customerId"[]' is not assignable to type 'TransactionScalarFieldEnum[]'.
    Type '"customerId"' is not assignable to type 'TransactionScalarFieldEnum'.
src/app/api/franchisor/locations/[id]/customers/route.ts(61,17): error TS2353: Object literal may only specify known properties, and 'storeId' does not exist in type 'TransactionWhereInput'.
src/app/api/franchisor/locations/[id]/customers/route.ts(68,78): error TS2339: Property 'customerId' does not exist on type 'PickEnumerable<TransactionGroupByOutputType, TransactionScalarFieldEnum | TransactionScalarFieldEnum[]> & { ...; }'.
src/app/api/franchisor/locations/[id]/customers/route.ts(73,13): error TS2322: Type '"customerId"[]' is not assignable to type 'TransactionScalarFieldEnum | TransactionScalarFieldEnum[]'.
  Type '"customerId"[]' is not assignable to type 'TransactionScalarFieldEnum[]'.
    Type '"customerId"' is not assignable to type 'TransactionScalarFieldEnum'.
src/app/api/franchisor/locations/[id]/customers/route.ts(75,17): error TS2353: Object literal may only specify known properties, and 'storeId' does not exist in type 'TransactionWhereInput'.
src/app/api/franchisor/locations/[id]/customers/route.ts(85,73): error TS2339: Property 'customerId' does not exist on type 'PickEnumerable<TransactionGroupByOutputType, TransactionScalarFieldEnum | TransactionScalarFieldEnum[]> & { ...; }'.
src/app/api/franchisor/locations/[id]/customers/route.ts(86,41): error TS2339: Property 'customer' does not exist on type 'PrismaClient<PrismaClientOptions, never, DefaultArgs>'.
src/app/api/franchisor/locations/[id]/customers/route.ts(91,40): error TS7006: Parameter 'c' implicitly has an 'any' type.
src/app/api/franchisor/locations/[id]/customers/route.ts(92,59): error TS2339: Property 'customerId' does not exist on type 'PickEnumerable<TransactionGroupByOutputType, TransactionScalarFieldEnum | TransactionScalarFieldEnum[]> & { ...; }'.
src/app/api/franchisor/locations/[id]/customers/route.ts(113,17): error TS2353: Object literal may only specify known properties, and 'storeId' does not exist in type 'TransactionWhereInput'.
src/app/api/franchisor/locations/[id]/customers/route.ts(117,23): error TS2353: Object literal may only specify known properties, and 'customerId' does not exist in type 'TransactionSelect<DefaultArgs>'.
src/app/api/franchisor/locations/[id]/customers/route.ts(118,24): error TS2322: Type '"customerId"' is not assignable to type 'TransactionScalarFieldEnum'.
src/app/api/franchisor/locations/[id]/customers/route.ts(120,62): error TS2339: Property 'customerId' does not exist on type '{ id: string; createdAt: Date; updatedAt: Date; franchiseId: string; discount: Decimal; type: TransactionType; status: string; source: string; clientId: string | null; ... 26 more ...; originalTransactionId: string | null; }'.
src/app/api/franchisor/locations/[id]/customers/route.ts(128,17): error TS2353: Object literal may only specify known properties, and 'storeId' does not exist in type 'TransactionWhereInput'.
src/app/api/franchisor/locations/[id]/customers/route.ts(132,23): error TS2353: Object literal may only specify known properties, and 'customerId' does not exist in type 'TransactionSelect<DefaultArgs>'.
src/app/api/franchisor/locations/[id]/customers/route.ts(139,20): error TS2339: Property 'customerId' does not exist on type '{ id: string; createdAt: Date; updatedAt: Date; franchiseId: string; discount: Decimal; type: TransactionType; status: string; source: string; clientId: string | null; ... 26 more ...; originalTransactionId: string | null; }'.
src/app/api/franchisor/locations/[id]/customers/route.ts(139,55): error TS2339: Property 'customerId' does not exist on type '{ id: string; createdAt: Date; updatedAt: Date; franchiseId: string; discount: Decimal; type: TransactionType; status: string; source: string; clientId: string | null; ... 26 more ...; originalTransactionId: string | null; }'.
src/app/api/franchisor/locations/[id]/customers/route.ts(140,37): error TS2339: Property 'customerId' does not exist on type '{ id: string; createdAt: Date; updatedAt: Date; franchiseId: string; discount: Decimal; type: TransactionType; status: string; source: string; clientId: string | null; ... 26 more ...; originalTransactionId: string | null; }'.
src/app/api/franchisor/locations/[id]/operations/route.ts(36,61): error TS2353: Object literal may only specify known properties, and 'status' does not exist in type 'StationSelect<DefaultArgs>'.
src/app/api/franchisor/locations/[id]/operations/route.ts(48,17): error TS2353: Object literal may only specify known properties, and 'openedAt' does not exist in type 'CashDrawerSessionWhereInput'.
src/app/api/franchisor/locations/[id]/operations/route.ts(51,17): error TS2353: Object literal may only specify known properties, and 'openedBy' does not exist in type 'CashDrawerSessionInclude<DefaultArgs>'.
src/app/api/franchisor/locations/[id]/operations/route.ts(54,24): error TS2353: Object literal may only specify known properties, and 'openedAt' does not exist in type 'CashDrawerSessionOrderByWithRelationInput | CashDrawerSessionOrderByWithRelationInput[]'.
src/app/api/franchisor/locations/[id]/operations/route.ts(58,59): error TS2339: Property 'closedAt' does not exist on type '{ id: string; createdAt: Date; updatedAt: Date; locationId: string; status: CashDrawerStatus; employeeId: string; startTime: Date; endTime: Date | null; ... 4 more ...; variance: Decimal | null; }'.
src/app/api/franchisor/locations/[id]/operations/route.ts(59,60): error TS2339: Property 'closedAt' does not exist on type '{ id: string; createdAt: Date; updatedAt: Date; locationId: string; status: CashDrawerStatus; employeeId: string; startTime: Date; endTime: Date | null; ... 4 more ...; variance: Decimal | null; }'.
src/app/api/franchisor/locations/[id]/operations/route.ts(63,46): error TS2339: Property 'actualCash' does not exist on type '{ id: string; createdAt: Date; updatedAt: Date; locationId: string; status: CashDrawerStatus; employeeId: string; startTime: Date; endTime: Date | null; ... 4 more ...; variance: Decimal | null; }'.
src/app/api/franchisor/locations/[id]/operations/route.ts(64,43): error TS2339: Property 'actualCash' does not exist on type '{ id: string; createdAt: Date; updatedAt: Date; locationId: string; status: CashDrawerStatus; employeeId: string; startTime: Date; endTime: Date | null; ... 4 more ...; variance: Decimal | null; }'.
src/app/api/franchisor/locations/[id]/operations/route.ts(69,34): error TS2339: Property 'stations' does not exist on type '{ id: string; ownerId: string | null; name: string; businessType: string; address: string | null; voidCheckUrl: string | null; createdAt: Date; updatedAt: Date; franchiseId: string; ... 24 more ...; highContrast: boolean; }'.
src/app/api/franchisor/locations/[id]/operations/route.ts(70,46): error TS7006: Parameter 'd' implicitly has an 'any' type.
src/app/api/franchisor/locations/[id]/operations/route.ts(71,47): error TS7006: Parameter 'd' implicitly has an 'any' type.
src/app/api/franchisor/locations/[id]/operations/route.ts(100,33): error TS2339: Property 'openedAt' does not exist on type '{ id: string; createdAt: Date; updatedAt: Date; locationId: string; status: CashDrawerStatus; employeeId: string; startTime: Date; endTime: Date | null; ... 4 more ...; variance: Decimal | null; }'.
src/app/api/franchisor/locations/[id]/operations/route.ts(101,33): error TS2339: Property 'closedAt' does not exist on type '{ id: string; createdAt: Date; updatedAt: Date; locationId: string; status: CashDrawerStatus; employeeId: string; startTime: Date; endTime: Date | null; ... 4 more ...; variance: Decimal | null; }'.
src/app/api/franchisor/locations/[id]/operations/route.ts(102,33): error TS2339: Property 'openedBy' does not exist on type '{ id: string; createdAt: Date; updatedAt: Date; locationId: string; status: CashDrawerStatus; employeeId: string; startTime: Date; endTime: Date | null; ... 4 more ...; variance: Decimal | null; }'.
src/app/api/franchisor/locations/[id]/operations/route.ts(103,33): error TS2339: Property 'closedBy' does not exist on type '{ id: string; createdAt: Date; updatedAt: Date; locationId: string; status: CashDrawerStatus; employeeId: string; startTime: Date; endTime: Date | null; ... 4 more ...; variance: Decimal | null; }'.
src/app/api/franchisor/locations/[id]/operations/route.ts(104,39): error TS2339: Property 'openingBalance' does not exist on type '{ id: string; createdAt: Date; updatedAt: Date; locationId: string; status: CashDrawerStatus; employeeId: string; startTime: Date; endTime: Date | null; ... 4 more ...; variance: Decimal | null; }'.
src/app/api/franchisor/locations/[id]/operations/route.ts(106,35): error TS2339: Property 'actualCash' does not exist on type '{ id: string; createdAt: Date; updatedAt: Date; locationId: string; status: CashDrawerStatus; employeeId: string; startTime: Date; endTime: Date | null; ... 4 more ...; variance: Decimal | null; }'.
src/app/api/franchisor/locations/[id]/operations/route.ts(107,51): error TS2339: Property 'actualCash' does not exist on type '{ id: string; createdAt: Date; updatedAt: Date; locationId: string; status: CashDrawerStatus; employeeId: string; startTime: Date; endTime: Date | null; ... 4 more ...; variance: Decimal | null; }'.
src/app/api/franchisor/locations/[id]/operations/route.ts(107,73): error TS2339: Property 'actualCash' does not exist on type '{ id: string; createdAt: Date; updatedAt: Date; locationId: string; status: CashDrawerStatus; employeeId: string; startTime: Date; endTime: Date | null; ... 4 more ...; variance: Decimal | null; }'.
src/app/api/franchisor/locations/[id]/reconciliation/route.ts(51,17): error TS2353: Object literal may only specify known properties, and 'storeId' does not exist in type 'TransactionWhereInput'.
src/app/api/franchisor/locations/[id]/reconciliation/route.ts(58,17): error TS2353: Object literal may only specify known properties, and 'tipAmount' does not exist in type 'TransactionSelect<DefaultArgs>'.
src/app/api/franchisor/locations/[id]/reconciliation/route.ts(69,27): error TS2339: Property 'tipAmount' does not exist on type '{ id: string; createdAt: Date; updatedAt: Date; franchiseId: string; discount: Decimal; type: TransactionType; status: string; source: string; clientId: string | null; ... 26 more ...; originalTransactionId: string | null; }'.
src/app/api/franchisor/locations/[id]/reconciliation/route.ts(69,49): error TS2339: Property 'tipAmount' does not exist on type '{ id: string; createdAt: Date; updatedAt: Date; franchiseId: string; discount: Decimal; type: TransactionType; status: string; source: string; clientId: string | null; ... 26 more ...; originalTransactionId: string | null; }'.
src/app/api/franchisor/locations/[id]/route.ts(63,17): error TS2353: Object literal may only specify known properties, and 'locationId' does not exist in type 'TransactionWhereInput'.
src/app/api/franchisor/locations/[id]/route.ts(71,17): error TS2353: Object literal may only specify known properties, and 'appointmentId' does not exist in type 'TransactionSelect<DefaultArgs>'.
src/app/api/franchisor/locations/[id]/route.ts(79,17): error TS2353: Object literal may only specify known properties, and 'locationId' does not exist in type 'TransactionWhereInput'.
src/app/api/franchisor/locations/[id]/route.ts(96,55): error TS2339: Property 'appointmentId' does not exist on type '{ status: string; discount: Decimal; id: string; createdAt: Date; updatedAt: Date; franchiseId: string; clientId: string | null; employeeId: string | null; invoiceNumber: string | null; ... 26 more ...; originalTransactionId: string | null; }'.
src/app/api/franchisor/locations/[id]/route.ts(107,20): error TS2339: Property 'uniqueCustomers' does not exist on type '{ appointmentsBooked: number; appointmentsCompleted: number; appointmentsUpcoming: number; noShows: number; walkIns: number; revenue: number; lastActivity: Date | null; }'.
src/app/api/franchisor/locations/[id]/route.ts(108,20): error TS2339: Property 'totalVisits' does not exist on type '{ appointmentsBooked: number; appointmentsCompleted: number; appointmentsUpcoming: number; noShows: number; walkIns: number; revenue: number; lastActivity: Date | null; }'.
src/app/api/franchisor/locations/[id]/route.ts(134,42): error TS2339: Property 'hours' does not exist on type '{ franchise: { id: string; name: string; }; provisioningTasks: { status: string; id: string; franchisorId: string; createdAt: Date; updatedAt: Date; locationId: string; franchiseeBusinessId: string; notes: string | null; requestedByUserId: string | null; requestedDevicesCount: number | null; assignedToUserId: string...'.
src/app/api/franchisor/locations/[id]/route.ts(161,37): error TS2339: Property 'phone' does not exist on type '{ franchise: { id: string; name: string; }; provisioningTasks: { status: string; id: string; franchisorId: string; createdAt: Date; updatedAt: Date; locationId: string; franchiseeBusinessId: string; notes: string | null; requestedByUserId: string | null; requestedDevicesCount: number | null; assignedToUserId: string...'.
src/app/api/franchisor/locations/[id]/sales/route.ts(50,17): error TS2353: Object literal may only specify known properties, and 'items' does not exist in type 'TransactionInclude<DefaultArgs>'.
src/app/api/franchisor/locations/[id]/sales/route.ts(80,15): error TS2339: Property 'items' does not exist on type '{ id: string; createdAt: Date; updatedAt: Date; franchiseId: string; discount: Decimal; type: TransactionType; status: string; source: string; clientId: string | null; ... 26 more ...; originalTransactionId: string | null; }'.
src/app/api/franchisor/locations/[id]/sales/route.ts(80,30): error TS7006: Parameter 'item' implicitly has an 'any' type.
src/app/api/franchisor/locations/[id]/staff/route.ts(45,23): error TS2353: Object literal may only specify known properties, and 'memberships' does not exist in type 'UserWhereInput'.
src/app/api/franchisor/locations/[id]/staff/route.ts(59,29): error TS2353: Object literal may only specify known properties, and 'storeId' does not exist in type 'TransactionWhereInput'.
src/app/api/franchisor/locations/[id]/staff/route.ts(70,29): error TS2353: Object literal may only specify known properties, and 'storeId' does not exist in type 'TransactionWhereInput'.
src/app/api/franchisor/locations/[id]/staff/route.ts(75,33): error TS2353: Object literal may only specify known properties, and 'tipAmount' does not exist in type 'TransactionSumAggregateInputType'.
src/app/api/franchisor/locations/[id]/staff/route.ts(100,84): error TS2363: The right-hand side of an arithmetic operation must be of type 'any', 'number', 'bigint' or an enum type.
src/app/api/franchisor/locations/[id]/staff/route.ts(101,49): error TS2339: Property 'tipAmount' does not exist on type '{ subtotal?: Decimal | null | undefined; tax?: Decimal | null | undefined; tip?: Decimal | null | undefined; discount?: Decimal | null | undefined; ... 9 more ...; cardAmount?: Decimal | ... 1 more ... | undefined; }'.
src/app/api/franchisor/locations/[id]/staff/route.ts(117,58): error TS2365: Operator '+' cannot be applied to types 'number' and 'number | boolean | { id?: number | undefined; invoiceNumber?: number | undefined; type?: number | undefined; franchiseId?: number | undefined; clientId?: number | undefined; employeeId?: number | undefined; ... 30 more ...; _all?: number | undefined; }'.
src/app/api/franchisor/locations/[id]/transactions/route.ts(59,45): error TS2353: Object literal may only specify known properties, and 'name' does not exist in type 'TransactionLineItemSelect<DefaultArgs>'.
src/app/api/franchisor/locations/[id]/transactions/route.ts(84,27): error TS2339: Property 'tipAmount' does not exist on type '{ id: string; createdAt: Date; updatedAt: Date; franchiseId: string; discount: Decimal; type: TransactionType; status: string; source: string; clientId: string | null; ... 26 more ...; originalTransactionId: string | null; }'.
src/app/api/franchisor/locations/[id]/transactions/route.ts(86,20): error TS2551: Property 'employee' does not exist on type '{ id: string; createdAt: Date; updatedAt: Date; franchiseId: string; discount: Decimal; type: TransactionType; status: string; source: string; clientId: string | null; ... 26 more ...; originalTransactionId: string | null; }'. Did you mean 'employeeId'?
src/app/api/franchisor/locations/[id]/transactions/route.ts(87,20): error TS2339: Property 'customer' does not exist on type '{ id: string; createdAt: Date; updatedAt: Date; franchiseId: string; discount: Decimal; type: TransactionType; status: string; source: string; clientId: string | null; ... 26 more ...; originalTransactionId: string | null; }'.
src/app/api/franchisor/locations/[id]/transactions/route.ts(87,37): error TS2339: Property 'customer' does not exist on type '{ id: string; createdAt: Date; updatedAt: Date; franchiseId: string; discount: Decimal; type: TransactionType; status: string; source: string; clientId: string | null; ... 26 more ...; originalTransactionId: string | null; }'.
src/app/api/franchisor/locations/[id]/transactions/route.ts(87,62): error TS2339: Property 'customer' does not exist on type '{ id: string; createdAt: Date; updatedAt: Date; franchiseId: string; discount: Decimal; type: TransactionType; status: string; source: string; clientId: string | null; ... 26 more ...; originalTransactionId: string | null; }'.
src/app/api/franchisor/locations/[id]/transactions/route.ts(115,38): error TS2339: Property 'tipAmount' does not exist on type '{ id: string; createdAt: Date; updatedAt: Date; franchiseId: string; discount: Decimal; type: TransactionType; status: string; source: string; clientId: string | null; ... 26 more ...; originalTransactionId: string | null; }'.
src/app/api/franchisor/locations/[id]/transactions/route.ts(117,30): error TS2551: Property 'employee' does not exist on type '{ id: string; createdAt: Date; updatedAt: Date; franchiseId: string; discount: Decimal; type: TransactionType; status: string; source: string; clientId: string | null; ... 26 more ...; originalTransactionId: string | null; }'. Did you mean 'employeeId'?
src/app/api/franchisor/locations/[id]/transactions/route.ts(118,30): error TS2339: Property 'customer' does not exist on type '{ id: string; createdAt: Date; updatedAt: Date; franchiseId: string; discount: Decimal; type: TransactionType; status: string; source: string; clientId: string | null; ... 26 more ...; originalTransactionId: string | null; }'.
src/app/api/franchisor/locations/[id]/transactions/route.ts(119,31): error TS2339: Property 'lineItems' does not exist on type '{ id: string; createdAt: Date; updatedAt: Date; franchiseId: string; discount: Decimal; type: TransactionType; status: string; source: string; clientId: string | null; ... 26 more ...; originalTransactionId: string | null; }'.
src/app/api/franchisor/locations/search/route.ts(60,20): error TS2339: Property 'franchiseLocation' does not exist on type 'PrismaClient<PrismaClientOptions, never, DefaultArgs>'.
src/app/api/franchisor/locations/search/route.ts(82,20): error TS2339: Property 'franchiseLocation' does not exist on type 'PrismaClient<PrismaClientOptions, never, DefaultArgs>'.
src/app/api/franchisor/locations/search/route.ts(87,20): error TS2339: Property 'franchiseLocation' does not exist on type 'PrismaClient<PrismaClientOptions, never, DefaultArgs>'.
src/app/api/franchisor/locations/search/route.ts(94,20): error TS2339: Property 'franchiseLocation' does not exist on type 'PrismaClient<PrismaClientOptions, never, DefaultArgs>'.
src/app/api/franchisor/locations/search/route.ts(101,20): error TS2339: Property 'franchiseLocation' does not exist on type 'PrismaClient<PrismaClientOptions, never, DefaultArgs>'.
src/app/api/franchisor/locations/search/route.ts(118,41): error TS7006: Parameter 'f' implicitly has an 'any' type.
src/app/api/franchisor/locations/search/route.ts(118,92): error TS7006: Parameter 'f' implicitly has an 'any' type.
src/app/api/franchisor/locations/search/route.ts(119,40): error TS7006: Parameter 'f' implicitly has an 'any' type.
src/app/api/franchisor/locations/search/route.ts(119,90): error TS7006: Parameter 'f' implicitly has an 'any' type.
src/app/api/franchisor/locations/search/route.ts(120,43): error TS7006: Parameter 'f' implicitly has an 'any' type.
src/app/api/franchisor/locations/search/route.ts(120,95): error TS7006: Parameter 'f' implicitly has an 'any' type.
src/app/api/franchisor/portfolio/leaderboard/route.ts(53,33): error TS2353: Object literal may only specify known properties, and 'price' does not exist in type 'AppointmentSumAggregateInputType'.
src/app/api/franchisor/reports/go-live-tracker/route.ts(64,33): error TS2339: Property 'hours' does not exist on type '{ franchise: { id: string; name: string; }; provisioningTasks: { id: string; createdAt: Date; updatedAt: Date; locationId: string; franchisorId: string; franchiseeBusinessId: string; ... 4 more ...; assignedToUserId: string | null; }[]; stations: { ...; }[]; } & { ...; }'.
src/app/api/franchisor/reports/leaderboard/route.ts(65,17): error TS2353: Object literal may only specify known properties, and 'locationId' does not exist in type 'TransactionWhereInput'.
src/app/api/franchisor/reports/leaderboard/route.ts(72,17): error TS2353: Object literal may only specify known properties, and 'locationId' does not exist in type 'TransactionSelect<DefaultArgs>'.
src/app/api/franchisor/reports/leaderboard/route.ts(94,64): error TS2339: Property 'locationId' does not exist on type '{ id: string; createdAt: Date; updatedAt: Date; franchiseId: string; discount: Decimal; type: TransactionType; status: string; source: string; clientId: string | null; ... 26 more ...; originalTransactionId: string | null; }'.
src/app/api/franchisor/reports/leaderboard/route.ts(99,60): error TS2339: Property 'appointmentId' does not exist on type '{ id: string; createdAt: Date; updatedAt: Date; franchiseId: string; discount: Decimal; type: TransactionType; status: string; source: string; clientId: string | null; ... 26 more ...; originalTransactionId: string | null; }'.
src/app/api/franchisor/reports/retention/route.ts(55,17): error TS2353: Object literal may only specify known properties, and 'locationId' does not exist in type 'TransactionWhereInput'.
src/app/api/franchisor/reports/stylists/route.ts(52,17): error TS2353: Object literal may only specify known properties, and 'employees' does not exist in type 'FranchiseInclude<DefaultArgs>'.
src/app/api/franchisor/reports/stylists/route.ts(66,53): error TS2339: Property 'employees' does not exist on type '{ id: string; name: string; approvalStatus: string; accountStatus: AccountStatus; suspendedAt: Date | null; suspendedReason: string | null; ssn: string | null; ... 15 more ...; dataExportedAt: Date | null; }'.
src/app/api/franchisor/reports/stylists/route.ts(80,17): error TS2353: Object literal may only specify known properties, and 'duration' does not exist in type 'AppointmentSelect<DefaultArgs>'.
src/app/api/franchisor/reports/stylists/route.ts(117,79): error TS2339: Property 'duration' does not exist on type '{ id: string; createdAt: Date; updatedAt: Date; locationId: string; status: string; resourceId: string | null; clientId: string; employeeId: string; serviceId: string; recurringId: string | null; ... 4 more ...; groupPosition: number | null; }'.
src/app/api/franchisor/users/route.ts(35,25): error TS2353: Object literal may only specify known properties, and 'lastLoginAt' does not exist in type 'UserSelect<DefaultArgs>'.
src/app/api/franchisor/users/route.ts(52,25): error TS2353: Object literal may only specify known properties, and 'lastLoginAt' does not exist in type 'UserSelect<DefaultArgs>'.
src/app/api/franchisor/users/route.ts(62,25): error TS2551: Property 'owner' does not exist on type '{ id: string; ownerId: string; providerId: string | null; name: string | null; approvalStatus: string; accountStatus: AccountStatus; suspendedAt: Date | null; suspendedReason: string | null; ... 32 more ...; dealerBrandingId: string | null; }'. Did you mean 'ownerId'?
src/app/api/franchisor/users/route.ts(63,36): error TS2551: Property 'owner' does not exist on type '{ id: string; ownerId: string; providerId: string | null; name: string | null; approvalStatus: string; accountStatus: AccountStatus; suspendedAt: Date | null; suspendedReason: string | null; ... 32 more ...; dealerBrandingId: string | null; }'. Did you mean 'ownerId'?
src/app/api/franchisor/users/route.ts(64,31): error TS2551: Property 'owner' does not exist on type '{ id: string; ownerId: string; providerId: string | null; name: string | null; approvalStatus: string; accountStatus: AccountStatus; suspendedAt: Date | null; suspendedReason: string | null; ... 32 more ...; dealerBrandingId: string | null; }'. Did you mean 'ownerId'?
src/app/api/franchisor/users/route.ts(71,15): error TS2339: Property 'users' does not exist on type '{ id: string; name: string; approvalStatus: string; accountStatus: AccountStatus; suspendedAt: Date | null; suspendedReason: string | null; ssn: string | null; ... 15 more ...; dataExportedAt: Date | null; }'.
src/app/api/franchisor/users/route.ts(71,29): error TS7006: Parameter 'u' implicitly has an 'any' type.
src/app/api/pax/settings/route.ts(18,13): error TS2322: Type 'string | undefined' is not assignable to type 'string | null'.
  Type 'undefined' is not assignable to type 'string | null'.
src/app/api/pos/email-receipt/route.ts(37,17): error TS2353: Object literal may only specify known properties, and 'location' does not exist in type 'TransactionInclude<DefaultArgs>'.
src/app/api/pos/email-receipt/route.ts(46,42): error TS2339: Property 'lineItems' does not exist on type '{ id: string; createdAt: Date; updatedAt: Date; franchiseId: string; discount: Decimal; type: TransactionType; status: string; source: string; clientId: string | null; ... 26 more ...; originalTransactionId: string | null; }'.
src/app/api/pos/email-receipt/route.ts(46,56): error TS7006: Parameter 'item' implicitly has an 'any' type.
src/app/api/pos/email-receipt/route.ts(52,15): error TS2339: Property 'location' does not exist on type '{ id: string; createdAt: Date; updatedAt: Date; franchiseId: string; discount: Decimal; type: TransactionType; status: string; source: string; clientId: string | null; ... 26 more ...; originalTransactionId: string | null; }'.
src/app/api/pos/email-receipt/route.ts(56,15): error TS2551: Property 'employee' does not exist on type '{ id: string; createdAt: Date; updatedAt: Date; franchiseId: string; discount: Decimal; type: TransactionType; status: string; source: string; clientId: string | null; ... 26 more ...; originalTransactionId: string | null; }'. Did you mean 'employeeId'?
src/app/api/pos/email-receipt/route.ts(56,58): error TS2551: Property 'employee' does not exist on type '{ id: string; createdAt: Date; updatedAt: Date; franchiseId: string; discount: Decimal; type: TransactionType; status: string; source: string; clientId: string | null; ... 26 more ...; originalTransactionId: string | null; }'. Did you mean 'employeeId'?
src/app/api/pos/smart-tiles/route.ts(105,17): error TS2353: Object literal may only specify known properties, and 'franchiseId' does not exist in type 'AppointmentWhereInput'.
src/app/api/pos/smart-tiles/route.ts(114,17): error TS2353: Object literal may only specify known properties, and 'staff' does not exist in type 'AppointmentInclude<DefaultArgs>'.
src/app/api/pos/smart-tiles/route.ts(135,35): error TS2551: Property 'client' does not exist on type '{ id: string; createdAt: Date; updatedAt: Date; locationId: string; status: string; resourceId: string | null; clientId: string; employeeId: string; serviceId: string; recurringId: string | null; ... 4 more ...; groupPosition: number | null; }'. Did you mean 'clientId'?
src/app/api/pos/smart-tiles/route.ts(136,34): error TS2551: Property 'client' does not exist on type '{ id: string; createdAt: Date; updatedAt: Date; locationId: string; status: string; resourceId: string | null; clientId: string; employeeId: string; serviceId: string; recurringId: string | null; ... 4 more ...; groupPosition: number | null; }'. Did you mean 'clientId'?
src/app/api/pos/smart-tiles/route.ts(136,62): error TS2551: Property 'client' does not exist on type '{ id: string; createdAt: Date; updatedAt: Date; locationId: string; status: string; resourceId: string | null; clientId: string; employeeId: string; serviceId: string; recurringId: string | null; ... 4 more ...; groupPosition: number | null; }'. Did you mean 'clientId'?
src/app/api/pos/smart-tiles/route.ts(138,35): error TS2551: Property 'services' does not exist on type '{ id: string; createdAt: Date; updatedAt: Date; locationId: string; status: string; resourceId: string | null; clientId: string; employeeId: string; serviceId: string; recurringId: string | null; ... 4 more ...; groupPosition: number | null; }'. Did you mean 'serviceId'?
src/app/api/pos/smart-tiles/route.ts(138,48): error TS7006: Parameter 's' implicitly has an 'any' type.
src/app/api/pos/smart-tiles/route.ts(139,34): error TS2339: Property 'staff' does not exist on type '{ id: string; createdAt: Date; updatedAt: Date; locationId: string; status: string; resourceId: string | null; clientId: string; employeeId: string; serviceId: string; recurringId: string | null; ... 4 more ...; groupPosition: number | null; }'.
src/app/api/pos/smart-tiles/route.ts(292,27): error TS2551: Property 'client' does not exist on type '{ id: string; createdAt: Date; updatedAt: Date; locationId: string; status: string; resourceId: string | null; clientId: string; employeeId: string; serviceId: string; recurringId: string | null; ... 4 more ...; groupPosition: number | null; }'. Did you mean 'clientId'?
src/app/api/pos/smart-tiles/route.ts(293,26): error TS2551: Property 'client' does not exist on type '{ id: string; createdAt: Date; updatedAt: Date; locationId: string; status: string; resourceId: string | null; clientId: string; employeeId: string; serviceId: string; recurringId: string | null; ... 4 more ...; groupPosition: number | null; }'. Did you mean 'clientId'?
src/app/api/pos/smart-tiles/route.ts(293,50): error TS2551: Property 'client' does not exist on type '{ id: string; createdAt: Date; updatedAt: Date; locationId: string; status: string; resourceId: string | null; clientId: string; employeeId: string; serviceId: string; recurringId: string | null; ... 4 more ...; groupPosition: number | null; }'. Did you mean 'clientId'?
src/app/api/pos/smart-tiles/route.ts(295,27): error TS2551: Property 'services' does not exist on type '{ id: string; createdAt: Date; updatedAt: Date; locationId: string; status: string; resourceId: string | null; clientId: string; employeeId: string; serviceId: string; recurringId: string | null; ... 4 more ...; groupPosition: number | null; }'. Did you mean 'serviceId'?
src/app/api/pos/smart-tiles/route.ts(295,40): error TS7006: Parameter 's' implicitly has an 'any' type.
src/app/api/pos/smart-tiles/route.ts(296,26): error TS2339: Property 'staff' does not exist on type '{ id: string; createdAt: Date; updatedAt: Date; locationId: string; status: string; resourceId: string | null; clientId: string; employeeId: string; serviceId: string; recurringId: string | null; ... 4 more ...; groupPosition: number | null; }'.
src/app/api/pos/sync/route.ts(99,25): error TS2353: Object literal may only specify known properties, and 'receiptNumber' does not exist in type 'TransactionWhereInput'.
src/app/api/pos/sync/route.ts(109,49): error TS2339: Property 'receiptNumber' does not exist on type '{ id: string; createdAt: Date; updatedAt: Date; franchiseId: string; discount: Decimal; type: TransactionType; status: string; source: string; clientId: string | null; ... 26 more ...; originalTransactionId: string | null; }'.
src/app/api/pos/sync/route.ts(119,25): error TS2353: Object literal may only specify known properties, and 'locationId' does not exist in type 'Without<TransactionCreateInput, TransactionUncheckedCreateInput> & TransactionUncheckedCreateInput'.
src/app/api/pos/sync/route.ts(153,44): error TS2339: Property 'receiptNumber' does not exist on type '{ id: string; createdAt: Date; updatedAt: Date; franchiseId: string; discount: Decimal; type: TransactionType; status: string; source: string; clientId: string | null; ... 26 more ...; originalTransactionId: string | null; }'.
src/app/api/pos/sync/route.ts(207,17): error TS2353: Object literal may only specify known properties, and 'receiptNumber' does not exist in type 'TransactionWhereInput'.
src/app/api/pos/sync/route.ts(214,17): error TS2353: Object literal may only specify known properties, and 'receiptNumber' does not exist in type 'TransactionSelect<DefaultArgs>'.
src/app/api/reports/quarterly/route.ts(52,17): error TS2353: Object literal may only specify known properties, and 'tipAmount' does not exist in type 'TransactionSelect<DefaultArgs>'.
src/app/api/reports/quarterly/route.ts(89,31): error TS2339: Property 'tipAmount' does not exist on type '{ id: string; createdAt: Date; updatedAt: Date; franchiseId: string; discount: Decimal; type: TransactionType; status: string; source: string; clientId: string | null; ... 26 more ...; originalTransactionId: string | null; }'.
src/app/dashboard/reports/customer/retention/page.tsx(167,31): error TS7006: Parameter 'r' implicitly has an 'any' type.
src/app/dashboard/reports/customer/retention/page.tsx(171,31): error TS7006: Parameter 'r' implicitly has an 'any' type.
src/lib/apiRollup.ts(61,25): error TS2322: Type 'string | null' is not assignable to type 'string'.
  Type 'null' is not assignable to type 'string'.
src/lib/audit.ts(68,17): error TS2322: Type 'string | null | undefined' is not assignable to type 'string'.
  Type 'undefined' is not assignable to type 'string'.
src/lib/audit.ts(73,17): error TS2322: Type 'string | null | undefined' is not assignable to type 'string'.
  Type 'undefined' is not assignable to type 'string'.
